[pagead2.googlesyndication.com/pagead/js/f.txt]
[www.google-analytics.com/analytics.js]
[www.filltheoceans.com/favicon.ico]
[backblue.gif]
[fade.gif]
[index.html]
[www.filltheoceans.com/images/cloud.png]
[www.filltheoceans.com/images/sun.png]
[www.filltheoceans.com/images/loading.gif]
[www.filltheoceans.com/images/dropbackground.png]
[www.filltheoceans.com/images/dropbackgroundb.png]
[www.filltheoceans.com/images/dropbackgroundc.png]
[www.filltheoceans.com/images/png/poseidonsmall.png]
[www.filltheoceans.com/HackTimer.min.js]
[code.jquery.com/jquery-2.2.4.min.js]
[www.filltheoceans.com/dragmobile.js]
[www.filltheoceans.com/main.js]
[www.filltheoceans.com/index.html]
[www.filltheoceans.com/rotate.css]
[www.filltheoceans.com/hover.css]
[www.filltheoceans.com/images/centerbg.png]
[www.filltheoceans.com/images/png/wave.png]
[www.filltheoceans.com/images/drop_small.png]
[www.filltheoceans.com/images/littledrop.png]
[www.filltheoceans.com/images/watermetertop.png]
[www.filltheoceans.com/images/watermeter.png]
[www.filltheoceans.com/images/watermeterbottom.png]
[www.filltheoceans.com/images/watermeterwatertop.png]
[www.filltheoceans.com/images/watermeterwater.png]
[www.filltheoceans.com/images/MtnEewEmpty.png]
[www.filltheoceans.com/images/MtnEewFull.png]
[www.filltheoceans.com/images/poseidon.png]
[www.filltheoceans.com/images/temple.png]
[code.jquery.com/ui/1.12.1/jquery-ui.min.js]
[www.filltheoceans.com/images/png/question.png]
[www.filltheoceans.com/images/food.png]
[www.filltheoceans.com/images/wood.png]
[www.filltheoceans.com/images/rock.png]
[www.filltheoceans.com/images/tent.png]
[www.filltheoceans.com/images/woodenhouse.png]
[www.filltheoceans.com/images/stonehouse.png]
[www.filltheoceans.com/images/worker.png]
[www.filltheoceans.com/images/barn.png]
[www.filltheoceans.com/images/alien_big.png]
[www.filltheoceans.com/images/stars1.png]
[www.filltheoceans.com/images/stars2.png]
[www.filltheoceans.com/images/super1.png]
[www.filltheoceans.com/images/super2.png]
[www.filltheoceans.com/images/super3.png]
[www.filltheoceans.com/images/super4.png]
[www.filltheoceans.com/images/arrows.gif]
[www.filltheoceans.com/style.css]
[www.filltheoceans.com/cookiestatement.html]
[www.filltheoceans.com/about.html]
